// Jest Snapshot v1, https://jestjs.io/docs/snapshot-testing

exports[`components/common/Breadcrumbs should render properly 1`] = `
.c3 {
  font-family: inherit;
  font-size: inherit;
  line-height: inherit;
  color: inherit;
  text-decoration: underline;
}

.c3:hover {
  text-decoration: none;
}

.c3:focus {
  outline: 1px dashed #002d56;
  outline-color: inherit;
}

.c2 {
  display: flex;
  flex-direction: row;
  gap: 4px;
  align-items: center;
}

.c0 {
  list-style-type: none;
  display: flex;
  flex-direction: row;
  flex-wrap: wrap;
}

.c1 {
  font-family: Tahoma,Verdana,Arial,sans-serif;
  font-size: 14px;
  line-height: 24px;
  color: #002d56;
}

.c1:not(:first-child)::before {
  content: '•';
  padding: 0 8px;
}

<div>
  <ul
    class="c0"
  >
    <li
      class="c1"
    >
      <div
        class="c2"
      >
        <svg
          aria-hidden="true"
          class="svg-inline--fa fa-house fa-sm"
          data-icon="house"
          data-prefix="fas"
          role="img"
          viewBox="0 0 512 512"
        >
          <path
            d="M277.8 8.6c-12.3-11.4-31.3-11.4-43.5 0l-224 208c-9.6 9-12.8 22.9-8 35.1S18.8 272 32 272l16 0 0 176c0 35.3 28.7 64 64 64l288 0c35.3 0 64-28.7 64-64l0-176 16 0c13.2 0 25-8.1 29.8-20.3s1.6-26.2-8-35.1l-224-208zM240 320l32 0c26.5 0 48 21.5 48 48l0 96-128 0 0-96c0-26.5 21.5-48 48-48z"
            fill="currentColor"
          />
        </svg>
        <a
          class="c3"
          data-discover="true"
          href="/"
        >
          Domů
        </a>
      </div>
    </li>
    <li
      class="c1"
    >
      <a
        class="c3"
        data-discover="true"
        href="/movies"
      >
        Filmy
      </a>
    </li>
    <li
      class="c1"
    >
      <strong>
        Detail filmu
      </strong>
    </li>
  </ul>
</div>
`;
