// Jest Snapshot v1, https://jestjs.io/docs/snapshot-testing

exports[`components/layout/MenuMain should render properly 1`] = `
.c0 {
  display: flex;
  flex-direction: row;
  flex: 1;
  gap: 16px;
}

.c1 {
  list-style-type: none;
  display: flex;
  flex-direction: column;
  width: 100%;
}

.c2 {
  font-family: Tahoma,Verdana,Arial,sans-serif;
  font-size: 14px;
  line-height: 24px;
  color: #002d56;
  display: flex;
  flex-direction: row;
  align-items: center;
  gap: 8px;
  padding: 8px 16px;
  color: #002d56;
  background: #98c3d9;
  text-decoration: none;
}

.c2:hover {
  background-color: #dae0e3;
}

.c2:focus {
  outline: 1px dashed #002d56;
  outline-color: #0af;
  outline-offset: -1px;
}

.c3 {
  font-family: Tahoma,Verdana,Arial,sans-serif;
  font-size: 14px;
  line-height: 24px;
  color: #002d56;
  display: flex;
  flex-direction: row;
  align-items: center;
  gap: 8px;
  padding: 8px 16px;
  color: #f2f7fa;
  background: #002d56;
  text-decoration: none;
}

.c3:hover {
  background-color: #0f426e;
}

.c3:focus {
  outline: 1px dashed #002d56;
  outline-color: #0af;
  outline-offset: -1px;
}

<div>
  <nav
    class="c0"
  >
    <ul
      class="c1"
    >
      <li
        class=""
      >
        <a
          class="c2"
          data-discover="true"
          href="/"
        >
          <svg
            aria-hidden="true"
            class="svg-inline--fa fa-house fa-sm"
            data-icon="house"
            data-prefix="fas"
            role="img"
            viewBox="0 0 512 512"
          >
            <path
              d="M277.8 8.6c-12.3-11.4-31.3-11.4-43.5 0l-224 208c-9.6 9-12.8 22.9-8 35.1S18.8 272 32 272l16 0 0 176c0 35.3 28.7 64 64 64l288 0c35.3 0 64-28.7 64-64l0-176 16 0c13.2 0 25-8.1 29.8-20.3s1.6-26.2-8-35.1l-224-208zM240 320l32 0c26.5 0 48 21.5 48 48l0 96-128 0 0-96c0-26.5 21.5-48 48-48z"
              fill="currentColor"
            />
          </svg>
          Domů
        </a>
      </li>
      <li
        class=""
      >
        <a
          class="c3"
          data-discover="true"
          href="/movies"
        >
          <svg
            aria-hidden="true"
            class="svg-inline--fa fa-film fa-sm"
            data-icon="film"
            data-prefix="fas"
            role="img"
            viewBox="0 0 448 512"
          >
            <path
              d="M0 96C0 60.7 28.7 32 64 32l320 0c35.3 0 64 28.7 64 64l0 320c0 35.3-28.7 64-64 64L64 480c-35.3 0-64-28.7-64-64L0 96zM48 368l0 32c0 8.8 7.2 16 16 16l32 0c8.8 0 16-7.2 16-16l0-32c0-8.8-7.2-16-16-16l-32 0c-8.8 0-16 7.2-16 16zm304-16c-8.8 0-16 7.2-16 16l0 32c0 8.8 7.2 16 16 16l32 0c8.8 0 16-7.2 16-16l0-32c0-8.8-7.2-16-16-16l-32 0zM48 240l0 32c0 8.8 7.2 16 16 16l32 0c8.8 0 16-7.2 16-16l0-32c0-8.8-7.2-16-16-16l-32 0c-8.8 0-16 7.2-16 16zm304-16c-8.8 0-16 7.2-16 16l0 32c0 8.8 7.2 16 16 16l32 0c8.8 0 16-7.2 16-16l0-32c0-8.8-7.2-16-16-16l-32 0zM48 112l0 32c0 8.8 7.2 16 16 16l32 0c8.8 0 16-7.2 16-16l0-32c0-8.8-7.2-16-16-16L64 96c-8.8 0-16 7.2-16 16zM352 96c-8.8 0-16 7.2-16 16l0 32c0 8.8 7.2 16 16 16l32 0c8.8 0 16-7.2 16-16l0-32c0-8.8-7.2-16-16-16l-32 0z"
              fill="currentColor"
            />
          </svg>
          Filmy
        </a>
      </li>
      <li
        class=""
      >
        <a
          class="c3"
          data-discover="true"
          href="/people"
        >
          <svg
            aria-hidden="true"
            class="svg-inline--fa fa-user fa-sm"
            data-icon="user"
            data-prefix="fas"
            role="img"
            viewBox="0 0 448 512"
          >
            <path
              d="M224 248a120 120 0 1 0 0-240 120 120 0 1 0 0 240zm-29.7 56C95.8 304 16 383.8 16 482.3 16 498.7 29.3 512 45.7 512l356.6 0c16.4 0 29.7-13.3 29.7-29.7 0-98.5-79.8-178.3-178.3-178.3l-59.4 0z"
              fill="currentColor"
            />
          </svg>
          Lidé
        </a>
      </li>
    </ul>
  </nav>
</div>
`;
